MPLINK 5.09, LINKER
Linker Map File - Created Fri Jun 23 17:44:48 2023

                                 Section Info
                  Section       Type    Address   Location Size(Bytes)
                ---------  ---------  ---------  ---------  ---------
                   .cinit    romdata   0x000000    program   0x000002
                    .code       code   0x000002    program   0x000026
.config_300001_BUILD/DEFAULT/DEBUG/EX03.O    romdata   0x300001    program   0x000001
.config_300003_BUILD/DEFAULT/DEBUG/EX03.O    romdata   0x300003    program   0x000001
.config_300005_BUILD/DEFAULT/DEBUG/EX03.O    romdata   0x300005    program   0x000001
.config_300006_BUILD/DEFAULT/DEBUG/EX03.O    romdata   0x300006    program   0x000001
                   .udata      udata   0x000060       data   0x000004



                              Program Memory Usage 
                               Start         End      
                           ---------   ---------      
                            0x000000    0x000027      
                            0x300001    0x300001      
                            0x300003    0x300003      
                            0x300005    0x300006      
            44 out of 33048 program addresses used, program memory utilization is 0%



                              Symbols - Sorted by Name
                     Name    Address   Location    Storage File                     
                ---------  ---------  ---------  --------- ---------                
                   MOVE_4   0x00001e    program     static C:\Users\lucas\Projetos MPLABX\TrabalhoMicros01\Ex03.X\ex03.asm
                    Start   0x000002    program     static C:\Users\lucas\Projetos MPLABX\TrabalhoMicros01\Ex03.X\ex03.asm
              _.code_0018   0x00001a    program     static C:\Users\lucas\Projetos MPLABX\TrabalhoMicros01\Ex03.X\ex03.asm
                      lsb   0x000062       data     static C:\Users\lucas\Projetos MPLABX\TrabalhoMicros01\Ex03.X\ex03.asm
                      msb   0x000061       data     static C:\Users\lucas\Projetos MPLABX\TrabalhoMicros01\Ex03.X\ex03.asm
                   result   0x000063       data     static C:\Users\lucas\Projetos MPLABX\TrabalhoMicros01\Ex03.X\ex03.asm
                      var   0x000060       data     static C:\Users\lucas\Projetos MPLABX\TrabalhoMicros01\Ex03.X\ex03.asm



                              Symbols - Sorted by Address
                     Name    Address   Location    Storage File                     
                ---------  ---------  ---------  --------- ---------                
                    Start   0x000002    program     static C:\Users\lucas\Projetos MPLABX\TrabalhoMicros01\Ex03.X\ex03.asm
              _.code_0018   0x00001a    program     static C:\Users\lucas\Projetos MPLABX\TrabalhoMicros01\Ex03.X\ex03.asm
                   MOVE_4   0x00001e    program     static C:\Users\lucas\Projetos MPLABX\TrabalhoMicros01\Ex03.X\ex03.asm
                      var   0x000060       data     static C:\Users\lucas\Projetos MPLABX\TrabalhoMicros01\Ex03.X\ex03.asm
                      msb   0x000061       data     static C:\Users\lucas\Projetos MPLABX\TrabalhoMicros01\Ex03.X\ex03.asm
                      lsb   0x000062       data     static C:\Users\lucas\Projetos MPLABX\TrabalhoMicros01\Ex03.X\ex03.asm
                   result   0x000063       data     static C:\Users\lucas\Projetos MPLABX\TrabalhoMicros01\Ex03.X\ex03.asm


