MPLINK 5.09, LINKER
Linker Map File - Created Thu Jun 22 22:37:30 2023

                                 Section Info
                  Section       Type    Address   Location Size(Bytes)
                ---------  ---------  ---------  ---------  ---------
                   .cinit    romdata   0x000000    program   0x000002
                    .code       code   0x000002    program   0x000020
.config_300001_BUILD/DEFAULT/DEBUG/EX01.O    romdata   0x300001    program   0x000001
.config_300003_BUILD/DEFAULT/DEBUG/EX01.O    romdata   0x300003    program   0x000001
.config_300005_BUILD/DEFAULT/DEBUG/EX01.O    romdata   0x300005    program   0x000001
.config_300006_BUILD/DEFAULT/DEBUG/EX01.O    romdata   0x300006    program   0x000001
                   .udata      udata   0x000060       data   0x000006



                              Program Memory Usage 
                               Start         End      
                           ---------   ---------      
                            0x000000    0x000021      
                            0x300001    0x300001      
                            0x300003    0x300003      
                            0x300005    0x300006      
            38 out of 33048 program addresses used, program memory utilization is 0%



                              Symbols - Sorted by Name
                     Name    Address   Location    Storage File                     
                ---------  ---------  ---------  --------- ---------                
                 MainLoop   0x000002    program     static C:\Users\lucas\Projetos MPLABX\TrabalhoMicros01\Ex01.X\ex01.asm
                    Start   0x000002    program     static C:\Users\lucas\Projetos MPLABX\TrabalhoMicros01\Ex01.X\ex01.asm
                     resH   0x000064       data     static C:\Users\lucas\Projetos MPLABX\TrabalhoMicros01\Ex01.X\ex01.asm
                     resL   0x000065       data     static C:\Users\lucas\Projetos MPLABX\TrabalhoMicros01\Ex01.X\ex01.asm
                    var1H   0x000060       data     static C:\Users\lucas\Projetos MPLABX\TrabalhoMicros01\Ex01.X\ex01.asm
                    var1L   0x000061       data     static C:\Users\lucas\Projetos MPLABX\TrabalhoMicros01\Ex01.X\ex01.asm
                    var2H   0x000062       data     static C:\Users\lucas\Projetos MPLABX\TrabalhoMicros01\Ex01.X\ex01.asm
                    var2L   0x000063       data     static C:\Users\lucas\Projetos MPLABX\TrabalhoMicros01\Ex01.X\ex01.asm



                              Symbols - Sorted by Address
                     Name    Address   Location    Storage File                     
                ---------  ---------  ---------  --------- ---------                
                 MainLoop   0x000002    program     static C:\Users\lucas\Projetos MPLABX\TrabalhoMicros01\Ex01.X\ex01.asm
                    Start   0x000002    program     static C:\Users\lucas\Projetos MPLABX\TrabalhoMicros01\Ex01.X\ex01.asm
                    var1H   0x000060       data     static C:\Users\lucas\Projetos MPLABX\TrabalhoMicros01\Ex01.X\ex01.asm
                    var1L   0x000061       data     static C:\Users\lucas\Projetos MPLABX\TrabalhoMicros01\Ex01.X\ex01.asm
                    var2H   0x000062       data     static C:\Users\lucas\Projetos MPLABX\TrabalhoMicros01\Ex01.X\ex01.asm
                    var2L   0x000063       data     static C:\Users\lucas\Projetos MPLABX\TrabalhoMicros01\Ex01.X\ex01.asm
                     resH   0x000064       data     static C:\Users\lucas\Projetos MPLABX\TrabalhoMicros01\Ex01.X\ex01.asm
                     resL   0x000065       data     static C:\Users\lucas\Projetos MPLABX\TrabalhoMicros01\Ex01.X\ex01.asm


