MPLINK 5.09, LINKER
Linker Map File - Created Fri Jun 23 17:17:47 2023

                                 Section Info
                  Section       Type    Address   Location Size(Bytes)
                ---------  ---------  ---------  ---------  ---------
                   .cinit    romdata   0x000000    program   0x000002
                    .code       code   0x000002    program   0x00002e
.config_300001_BUILD/DEFAULT/DEBUG/EX02.O    romdata   0x300001    program   0x000001
.config_300003_BUILD/DEFAULT/DEBUG/EX02.O    romdata   0x300003    program   0x000001
.config_300005_BUILD/DEFAULT/DEBUG/EX02.O    romdata   0x300005    program   0x000001
.config_300006_BUILD/DEFAULT/DEBUG/EX02.O    romdata   0x300006    program   0x000001
                   .udata      udata   0x000060       data   0x000004



                              Program Memory Usage 
                               Start         End      
                           ---------   ---------      
                            0x000000    0x00002f      
                            0x300001    0x300001      
                            0x300003    0x300003      
                            0x300005    0x300006      
            52 out of 33048 program addresses used, program memory utilization is 0%



                              Symbols - Sorted by Name
                     Name    Address   Location    Storage File                     
                ---------  ---------  ---------  --------- ---------                
                FINALIZOU   0x00002c    program     static C:\Users\lucas\Projetos MPLABX\TrabalhoMicros01\Ex02.X\ex02.asm
                INCREMENT   0x000026    program     static C:\Users\lucas\Projetos MPLABX\TrabalhoMicros01\Ex02.X\ex02.asm
                     LOOP   0x00000c    program     static C:\Users\lucas\Projetos MPLABX\TrabalhoMicros01\Ex02.X\ex02.asm
                    Start   0x000002    program     static C:\Users\lucas\Projetos MPLABX\TrabalhoMicros01\Ex02.X\ex02.asm
              _.code_002A   0x00002c    program     static C:\Users\lucas\Projetos MPLABX\TrabalhoMicros01\Ex02.X\ex02.asm
                  counter   0x000062       data     static C:\Users\lucas\Projetos MPLABX\TrabalhoMicros01\Ex02.X\ex02.asm
                      max   0x000063       data     static C:\Users\lucas\Projetos MPLABX\TrabalhoMicros01\Ex02.X\ex02.asm
                      qtd   0x000061       data     static C:\Users\lucas\Projetos MPLABX\TrabalhoMicros01\Ex02.X\ex02.asm
                    valor   0x000060       data     static C:\Users\lucas\Projetos MPLABX\TrabalhoMicros01\Ex02.X\ex02.asm



                              Symbols - Sorted by Address
                     Name    Address   Location    Storage File                     
                ---------  ---------  ---------  --------- ---------                
                    Start   0x000002    program     static C:\Users\lucas\Projetos MPLABX\TrabalhoMicros01\Ex02.X\ex02.asm
                     LOOP   0x00000c    program     static C:\Users\lucas\Projetos MPLABX\TrabalhoMicros01\Ex02.X\ex02.asm
                INCREMENT   0x000026    program     static C:\Users\lucas\Projetos MPLABX\TrabalhoMicros01\Ex02.X\ex02.asm
                FINALIZOU   0x00002c    program     static C:\Users\lucas\Projetos MPLABX\TrabalhoMicros01\Ex02.X\ex02.asm
              _.code_002A   0x00002c    program     static C:\Users\lucas\Projetos MPLABX\TrabalhoMicros01\Ex02.X\ex02.asm
                    valor   0x000060       data     static C:\Users\lucas\Projetos MPLABX\TrabalhoMicros01\Ex02.X\ex02.asm
                      qtd   0x000061       data     static C:\Users\lucas\Projetos MPLABX\TrabalhoMicros01\Ex02.X\ex02.asm
                  counter   0x000062       data     static C:\Users\lucas\Projetos MPLABX\TrabalhoMicros01\Ex02.X\ex02.asm
                      max   0x000063       data     static C:\Users\lucas\Projetos MPLABX\TrabalhoMicros01\Ex02.X\ex02.asm


